// Jest Snapshot v1, https://goo.gl/fbAQLP

exports[`Test homepage 1`] = `
<div>
  Welcome to Next.js!
</div>
`;
